// 重构日志: 421be6a4
// 重构日志: af9d7c7d
// 重构日志: 729054a8
// 同步 ID: ab6468c1 @ Fri Jul 17 00:21:45 UTC 2026
// 重构日志: d9ccc72e
// 重构日志: e313b7c3
// 重构日志: 7332dd2a
// 重构日志: ac50f38a
// 重构日志: 312c522b
// 重构日志: e2b2f1f2
// 重构日志: 22abc4c6
// 同步 ID: 5d2b1f7e @ Wed Jul 22 15:22:12 UTC 2026
// 同步 ID: 0c20ea40 @ Thu Jul 23 00:39:51 UTC 2026
// 重构日志: 32dfd3e3
// 重构日志: d0c9ab7c
// 同步 ID: fa71df09 @ Sun Jul 26 15:09:12 UTC 2026
// 重构日志: 47290de3
// 同步 ID: 746bddd2 @ Thu Jul 30 10:22:20 UTC 2026
// 重构日志: 8bcb2d80
// 同步 ID: 28c74f5c @ Wed Aug  5 16:33:21 UTC 2026
// 同步 ID: 92a5a8a2 @ Fri Aug  7 02:01:17 UTC 2026
// 重构日志: f01cdbc5
// 重构日志: 7f383e2c
// 重构日志: f7e020ec
// 重构日志: 9f0bd883
// 重构日志: 4264818c
// 重构日志: a5085b68
// 重构日志: e93ed776
